  console.log
    sortStatus initial

      at src/components/contexts/SystemsContext.tsx:336:17

  console.error
    Error: Uncaught [TypeError: Cannot read properties of undefined (reading 'exa')]
        at reportException (/Users/dsg/archignes_repos/searchjunct/node_modules/jsdom/lib/jsdom/living/helpers/runtime-script-errors.js:66:24)
        at innerInvokeEventListeners (/Users/dsg/archignes_repos/searchjunct/node_modules/jsdom/lib/jsdom/living/events/EventTarget-impl.js:341:9)
        at invokeEventListeners (/Users/dsg/archignes_repos/searchjunct/node_modules/jsdom/lib/jsdom/living/events/EventTarget-impl.js:274:3)
        at HTMLUnknownElementImpl._dispatch (/Users/dsg/archignes_repos/searchjunct/node_modules/jsdom/lib/jsdom/living/events/EventTarget-impl.js:221:9)
        at HTMLUnknownElementImpl.dispatchEvent (/Users/dsg/archignes_repos/searchjunct/node_modules/jsdom/lib/jsdom/living/events/EventTarget-impl.js:94:17)
        at HTMLUnknownElement.dispatchEvent (/Users/dsg/archignes_repos/searchjunct/node_modules/jsdom/lib/jsdom/living/generated/EventTarget.js:231:34)
        at Object.invokeGuardedCallbackDev (/Users/dsg/archignes_repos/searchjunct/node_modules/react-dom/cjs/react-dom.development.js:4213:16)
        at invokeGuardedCallback (/Users/dsg/archignes_repos/searchjunct/node_modules/react-dom/cjs/react-dom.development.js:4277:31)
        at beginWork$1 (/Users/dsg/archignes_repos/searchjunct/node_modules/react-dom/cjs/react-dom.development.js:27451:7)
        at performUnitOfWork (/Users/dsg/archignes_repos/searchjunct/node_modules/react-dom/cjs/react-dom.development.js:26560:12)
        at workLoopSync (/Users/dsg/archignes_repos/searchjunct/node_modules/react-dom/cjs/react-dom.development.js:26466:5)
        at renderRootSync (/Users/dsg/archignes_repos/searchjunct/node_modules/react-dom/cjs/react-dom.development.js:26434:7)
        at performConcurrentWorkOnRoot (/Users/dsg/archignes_repos/searchjunct/node_modules/react-dom/cjs/react-dom.development.js:25738:74)
        at flushActQueue (/Users/dsg/archignes_repos/searchjunct/node_modules/react/cjs/react.development.js:2667:24)
        at act (/Users/dsg/archignes_repos/searchjunct/node_modules/react/cjs/react.development.js:2582:11)
        at /Users/dsg/archignes_repos/searchjunct/node_modules/@testing-library/react/dist/act-compat.js:46:25
        at renderRoot (/Users/dsg/archignes_repos/searchjunct/node_modules/@testing-library/react/dist/pure.js:180:26)
        at render (/Users/dsg/archignes_repos/searchjunct/node_modules/@testing-library/react/dist/pure.js:266:10)
        at Object.<anonymous> (/Users/dsg/archignes_repos/searchjunct/src/components/__tests__/SystemsList.test.tsx:45:15)
        at Promise.then.completed (/Users/dsg/archignes_repos/searchjunct/node_modules/react-scripts/node_modules/jest-circus/build/utils.js:391:28)
        at new Promise (<anonymous>)
        at callAsyncCircusFn (/Users/dsg/archignes_repos/searchjunct/node_modules/react-scripts/node_modules/jest-circus/build/utils.js:316:10)
        at _callCircusTest (/Users/dsg/archignes_repos/searchjunct/node_modules/react-scripts/node_modules/jest-circus/build/run.js:218:40)
        at processTicksAndRejections (node:internal/process/task_queues:95:5)
        at _runTest (/Users/dsg/archignes_repos/searchjunct/node_modules/react-scripts/node_modules/jest-circus/build/run.js:155:3)
        at _runTestsForDescribeBlock (/Users/dsg/archignes_repos/searchjunct/node_modules/react-scripts/node_modules/jest-circus/build/run.js:66:9)
        at _runTestsForDescribeBlock (/Users/dsg/archignes_repos/searchjunct/node_modules/react-scripts/node_modules/jest-circus/build/run.js:60:9)
        at run (/Users/dsg/archignes_repos/searchjunct/node_modules/react-scripts/node_modules/jest-circus/build/run.js:25:3)
        at runAndTransformResultsToJestFormat (/Users/dsg/archignes_repos/searchjunct/node_modules/react-scripts/node_modules/jest-circus/build/legacy-code-todo-rewrite/jestAdapterInit.js:170:21)
        at jestAdapter (/Users/dsg/archignes_repos/searchjunct/node_modules/react-scripts/node_modules/jest-circus/build/legacy-code-todo-rewrite/jestAdapter.js:82:19)
        at runTestInternal (/Users/dsg/archignes_repos/searchjunct/node_modules/react-scripts/node_modules/jest-runner/build/runTest.js:389:16)
        at runTest (/Users/dsg/archignes_repos/searchjunct/node_modules/react-scripts/node_modules/jest-runner/build/runTest.js:475:34)
        at TestRunner.runTests (/Users/dsg/archignes_repos/searchjunct/node_modules/react-scripts/node_modules/jest-runner/build/index.js:101:12)
        at TestScheduler.scheduleTests (/Users/dsg/archignes_repos/searchjunct/node_modules/react-scripts/node_modules/@jest/core/build/TestScheduler.js:333:13)
        at runJest (/Users/dsg/archignes_repos/searchjunct/node_modules/react-scripts/node_modules/@jest/core/build/runJest.js:404:19)
        at _run10000 (/Users/dsg/archignes_repos/searchjunct/node_modules/react-scripts/node_modules/@jest/core/build/cli/index.js:320:7)
        at runCLI (/Users/dsg/archignes_repos/searchjunct/node_modules/react-scripts/node_modules/@jest/core/build/cli/index.js:173:3)
        at Object.run (/Users/dsg/archignes_repos/searchjunct/node_modules/react-scripts/node_modules/jest-cli/build/cli/index.js:155:37) TypeError: Cannot read properties of undefined (reading 'exa')
        at map (/Users/dsg/archignes_repos/searchjunct/src/components/contexts/SystemsContext.tsx:344:42)
        at Array.map (<anonymous>)
        at /Users/dsg/archignes_repos/searchjunct/src/components/contexts/SystemsContext.tsx:342:25
        at basicStateReducer (/Users/dsg/archignes_repos/searchjunct/node_modules/react-dom/cjs/react-dom.development.js:16540:41)
        at updateReducer (/Users/dsg/archignes_repos/searchjunct/node_modules/react-dom/cjs/react-dom.development.js:16664:22)
        at updateState (/Users/dsg/archignes_repos/searchjunct/node_modules/react-dom/cjs/react-dom.development.js:17004:10)
        at Object.useState (/Users/dsg/archignes_repos/searchjunct/node_modules/react-dom/cjs/react-dom.development.js:17915:16)
        at useState (/Users/dsg/archignes_repos/searchjunct/node_modules/react/cjs/react.development.js:1622:21)
        at SystemProvider (/Users/dsg/archignes_repos/searchjunct/src/components/contexts/SystemsContext.tsx:188:53)
        at renderWithHooks (/Users/dsg/archignes_repos/searchjunct/node_modules/react-dom/cjs/react-dom.development.js:16305:18)
        at updateFunctionComponent (/Users/dsg/archignes_repos/searchjunct/node_modules/react-dom/cjs/react-dom.development.js:19588:20)
        at beginWork (/Users/dsg/archignes_repos/searchjunct/node_modules/react-dom/cjs/react-dom.development.js:21601:16)
        at HTMLUnknownElement.callCallback (/Users/dsg/archignes_repos/searchjunct/node_modules/react-dom/cjs/react-dom.development.js:4164:14)
        at HTMLUnknownElement.callTheUserObjectsOperation (/Users/dsg/archignes_repos/searchjunct/node_modules/jsdom/lib/jsdom/living/generated/EventListener.js:26:30)
        at innerInvokeEventListeners (/Users/dsg/archignes_repos/searchjunct/node_modules/jsdom/lib/jsdom/living/events/EventTarget-impl.js:338:25)
        at invokeEventListeners (/Users/dsg/archignes_repos/searchjunct/node_modules/jsdom/lib/jsdom/living/events/EventTarget-impl.js:274:3)
        at HTMLUnknownElementImpl._dispatch (/Users/dsg/archignes_repos/searchjunct/node_modules/jsdom/lib/jsdom/living/events/EventTarget-impl.js:221:9)
        at HTMLUnknownElementImpl.dispatchEvent (/Users/dsg/archignes_repos/searchjunct/node_modules/jsdom/lib/jsdom/living/events/EventTarget-impl.js:94:17)
        at HTMLUnknownElement.dispatchEvent (/Users/dsg/archignes_repos/searchjunct/node_modules/jsdom/lib/jsdom/living/generated/EventTarget.js:231:34)
        at Object.invokeGuardedCallbackDev (/Users/dsg/archignes_repos/searchjunct/node_modules/react-dom/cjs/react-dom.development.js:4213:16)
        at invokeGuardedCallback (/Users/dsg/archignes_repos/searchjunct/node_modules/react-dom/cjs/react-dom.development.js:4277:31)
        at beginWork$1 (/Users/dsg/archignes_repos/searchjunct/node_modules/react-dom/cjs/react-dom.development.js:27451:7)
        at performUnitOfWork (/Users/dsg/archignes_repos/searchjunct/node_modules/react-dom/cjs/react-dom.development.js:26560:12)
        at workLoopSync (/Users/dsg/archignes_repos/searchjunct/node_modules/react-dom/cjs/react-dom.development.js:26466:5)
        at renderRootSync (/Users/dsg/archignes_repos/searchjunct/node_modules/react-dom/cjs/react-dom.development.js:26434:7)
        at performConcurrentWorkOnRoot (/Users/dsg/archignes_repos/searchjunct/node_modules/react-dom/cjs/react-dom.development.js:25738:74)
        at flushActQueue (/Users/dsg/archignes_repos/searchjunct/node_modules/react/cjs/react.development.js:2667:24)
        at act (/Users/dsg/archignes_repos/searchjunct/node_modules/react/cjs/react.development.js:2582:11)
        at /Users/dsg/archignes_repos/searchjunct/node_modules/@testing-library/react/dist/act-compat.js:46:25
        at renderRoot (/Users/dsg/archignes_repos/searchjunct/node_modules/@testing-library/react/dist/pure.js:180:26)
        at render (/Users/dsg/archignes_repos/searchjunct/node_modules/@testing-library/react/dist/pure.js:266:10)
        at Object.<anonymous> (/Users/dsg/archignes_repos/searchjunct/src/components/__tests__/SystemsList.test.tsx:45:15)
        at Promise.then.completed (/Users/dsg/archignes_repos/searchjunct/node_modules/react-scripts/node_modules/jest-circus/build/utils.js:391:28)
        at new Promise (<anonymous>)
        at callAsyncCircusFn (/Users/dsg/archignes_repos/searchjunct/node_modules/react-scripts/node_modules/jest-circus/build/utils.js:316:10)
        at _callCircusTest (/Users/dsg/archignes_repos/searchjunct/node_modules/react-scripts/node_modules/jest-circus/build/run.js:218:40)
        at processTicksAndRejections (node:internal/process/task_queues:95:5)
        at _runTest (/Users/dsg/archignes_repos/searchjunct/node_modules/react-scripts/node_modules/jest-circus/build/run.js:155:3)
        at _runTestsForDescribeBlock (/Users/dsg/archignes_repos/searchjunct/node_modules/react-scripts/node_modules/jest-circus/build/run.js:66:9)
        at _runTestsForDescribeBlock (/Users/dsg/archignes_repos/searchjunct/node_modules/react-scripts/node_modules/jest-circus/build/run.js:60:9)
        at run (/Users/dsg/archignes_repos/searchjunct/node_modules/react-scripts/node_modules/jest-circus/build/run.js:25:3)
        at runAndTransformResultsToJestFormat (/Users/dsg/archignes_repos/searchjunct/node_modules/react-scripts/node_modules/jest-circus/build/legacy-code-todo-rewrite/jestAdapterInit.js:170:21)
        at jestAdapter (/Users/dsg/archignes_repos/searchjunct/node_modules/react-scripts/node_modules/jest-circus/build/legacy-code-todo-rewrite/jestAdapter.js:82:19)
        at runTestInternal (/Users/dsg/archignes_repos/searchjunct/node_modules/react-scripts/node_modules/jest-runner/build/runTest.js:389:16)
        at runTest (/Users/dsg/archignes_repos/searchjunct/node_modules/react-scripts/node_modules/jest-runner/build/runTest.js:475:34)
        at TestRunner.runTests (/Users/dsg/archignes_repos/searchjunct/node_modules/react-scripts/node_modules/jest-runner/build/index.js:101:12)
        at TestScheduler.scheduleTests (/Users/dsg/archignes_repos/searchjunct/node_modules/react-scripts/node_modules/@jest/core/build/TestScheduler.js:333:13)
        at runJest (/Users/dsg/archignes_repos/searchjunct/node_modules/react-scripts/node_modules/@jest/core/build/runJest.js:404:19)
        at _run10000 (/Users/dsg/archignes_repos/searchjunct/node_modules/react-scripts/node_modules/@jest/core/build/cli/index.js:320:7)
        at runCLI (/Users/dsg/archignes_repos/searchjunct/node_modules/react-scripts/node_modules/@jest/core/build/cli/index.js:173:3)
        at Object.run (/Users/dsg/archignes_repos/searchjunct/node_modules/react-scripts/node_modules/jest-cli/build/cli/index.js:155:37)

      43 |
      44 |     it('should have a link to the systems.json file at the bottom', async () => {
    > 45 |         render(
         |               ^
      46 |             <StorageProvider>
      47 |                 <SystemProvider>
      48 |                     <SearchProvider>

      at VirtualConsole.<anonymous> (node_modules/jsdom/lib/jsdom/virtual-console.js:29:45)
      at reportException (node_modules/jsdom/lib/jsdom/living/helpers/runtime-script-errors.js:70:28)
      at innerInvokeEventListeners (node_modules/jsdom/lib/jsdom/living/events/EventTarget-impl.js:341:9)
      at invokeEventListeners (node_modules/jsdom/lib/jsdom/living/events/EventTarget-impl.js:274:3)
      at HTMLUnknownElementImpl._dispatch (node_modules/jsdom/lib/jsdom/living/events/EventTarget-impl.js:221:9)
      at HTMLUnknownElementImpl.dispatchEvent (node_modules/jsdom/lib/jsdom/living/events/EventTarget-impl.js:94:17)
      at HTMLUnknownElement.dispatchEvent (node_modules/jsdom/lib/jsdom/living/generated/EventTarget.js:231:34)
      at Object.invokeGuardedCallbackDev (node_modules/react-dom/cjs/react-dom.development.js:4213:16)
      at invokeGuardedCallback (node_modules/react-dom/cjs/react-dom.development.js:4277:31)
      at beginWork$1 (node_modules/react-dom/cjs/react-dom.development.js:27451:7)
      at performUnitOfWork (node_modules/react-dom/cjs/react-dom.development.js:26560:12)
      at workLoopSync (node_modules/react-dom/cjs/react-dom.development.js:26466:5)
      at renderRootSync (node_modules/react-dom/cjs/react-dom.development.js:26434:7)
      at performConcurrentWorkOnRoot (node_modules/react-dom/cjs/react-dom.development.js:25738:74)
      at flushActQueue (node_modules/react/cjs/react.development.js:2667:24)
      at act (node_modules/react/cjs/react.development.js:2582:11)
      at node_modules/@testing-library/react/dist/act-compat.js:46:25
      at renderRoot (node_modules/@testing-library/react/dist/pure.js:180:26)
      at render (node_modules/@testing-library/react/dist/pure.js:266:10)
      at Object.<anonymous> (src/components/__tests__/SystemsList.test.tsx:45:15)
      at TestScheduler.scheduleTests (node_modules/react-scripts/node_modules/@jest/core/build/TestScheduler.js:333:13)
      at runJest (node_modules/react-scripts/node_modules/@jest/core/build/runJest.js:404:19)
      at _run10000 (node_modules/react-scripts/node_modules/@jest/core/build/cli/index.js:320:7)
      at runCLI (node_modules/react-scripts/node_modules/@jest/core/build/cli/index.js:173:3)

  console.error
    Error: Uncaught [TypeError: Cannot read properties of undefined (reading 'exa')]
        at reportException (/Users/dsg/archignes_repos/searchjunct/node_modules/jsdom/lib/jsdom/living/helpers/runtime-script-errors.js:66:24)
        at innerInvokeEventListeners (/Users/dsg/archignes_repos/searchjunct/node_modules/jsdom/lib/jsdom/living/events/EventTarget-impl.js:341:9)
        at invokeEventListeners (/Users/dsg/archignes_repos/searchjunct/node_modules/jsdom/lib/jsdom/living/events/EventTarget-impl.js:274:3)
        at HTMLUnknownElementImpl._dispatch (/Users/dsg/archignes_repos/searchjunct/node_modules/jsdom/lib/jsdom/living/events/EventTarget-impl.js:221:9)
        at HTMLUnknownElementImpl.dispatchEvent (/Users/dsg/archignes_repos/searchjunct/node_modules/jsdom/lib/jsdom/living/events/EventTarget-impl.js:94:17)
        at HTMLUnknownElement.dispatchEvent (/Users/dsg/archignes_repos/searchjunct/node_modules/jsdom/lib/jsdom/living/generated/EventTarget.js:231:34)
        at Object.invokeGuardedCallbackDev (/Users/dsg/archignes_repos/searchjunct/node_modules/react-dom/cjs/react-dom.development.js:4213:16)
        at invokeGuardedCallback (/Users/dsg/archignes_repos/searchjunct/node_modules/react-dom/cjs/react-dom.development.js:4277:31)
        at beginWork$1 (/Users/dsg/archignes_repos/searchjunct/node_modules/react-dom/cjs/react-dom.development.js:27451:7)
        at performUnitOfWork (/Users/dsg/archignes_repos/searchjunct/node_modules/react-dom/cjs/react-dom.development.js:26560:12)
        at workLoopSync (/Users/dsg/archignes_repos/searchjunct/node_modules/react-dom/cjs/react-dom.development.js:26466:5)
        at renderRootSync (/Users/dsg/archignes_repos/searchjunct/node_modules/react-dom/cjs/react-dom.development.js:26434:7)
        at recoverFromConcurrentError (/Users/dsg/archignes_repos/searchjunct/node_modules/react-dom/cjs/react-dom.development.js:25850:20)
        at performConcurrentWorkOnRoot (/Users/dsg/archignes_repos/searchjunct/node_modules/react-dom/cjs/react-dom.development.js:25750:22)
        at flushActQueue (/Users/dsg/archignes_repos/searchjunct/node_modules/react/cjs/react.development.js:2667:24)
        at act (/Users/dsg/archignes_repos/searchjunct/node_modules/react/cjs/react.development.js:2582:11)
        at /Users/dsg/archignes_repos/searchjunct/node_modules/@testing-library/react/dist/act-compat.js:46:25
        at renderRoot (/Users/dsg/archignes_repos/searchjunct/node_modules/@testing-library/react/dist/pure.js:180:26)
        at render (/Users/dsg/archignes_repos/searchjunct/node_modules/@testing-library/react/dist/pure.js:266:10)
        at Object.<anonymous> (/Users/dsg/archignes_repos/searchjunct/src/components/__tests__/SystemsList.test.tsx:45:15)
        at Promise.then.completed (/Users/dsg/archignes_repos/searchjunct/node_modules/react-scripts/node_modules/jest-circus/build/utils.js:391:28)
        at new Promise (<anonymous>)
        at callAsyncCircusFn (/Users/dsg/archignes_repos/searchjunct/node_modules/react-scripts/node_modules/jest-circus/build/utils.js:316:10)
        at _callCircusTest (/Users/dsg/archignes_repos/searchjunct/node_modules/react-scripts/node_modules/jest-circus/build/run.js:218:40)
        at processTicksAndRejections (node:internal/process/task_queues:95:5)
        at _runTest (/Users/dsg/archignes_repos/searchjunct/node_modules/react-scripts/node_modules/jest-circus/build/run.js:155:3)
        at _runTestsForDescribeBlock (/Users/dsg/archignes_repos/searchjunct/node_modules/react-scripts/node_modules/jest-circus/build/run.js:66:9)
        at _runTestsForDescribeBlock (/Users/dsg/archignes_repos/searchjunct/node_modules/react-scripts/node_modules/jest-circus/build/run.js:60:9)
        at run (/Users/dsg/archignes_repos/searchjunct/node_modules/react-scripts/node_modules/jest-circus/build/run.js:25:3)
        at runAndTransformResultsToJestFormat (/Users/dsg/archignes_repos/searchjunct/node_modules/react-scripts/node_modules/jest-circus/build/legacy-code-todo-rewrite/jestAdapterInit.js:170:21)
        at jestAdapter (/Users/dsg/archignes_repos/searchjunct/node_modules/react-scripts/node_modules/jest-circus/build/legacy-code-todo-rewrite/jestAdapter.js:82:19)
        at runTestInternal (/Users/dsg/archignes_repos/searchjunct/node_modules/react-scripts/node_modules/jest-runner/build/runTest.js:389:16)
        at runTest (/Users/dsg/archignes_repos/searchjunct/node_modules/react-scripts/node_modules/jest-runner/build/runTest.js:475:34)
        at TestRunner.runTests (/Users/dsg/archignes_repos/searchjunct/node_modules/react-scripts/node_modules/jest-runner/build/index.js:101:12)
        at TestScheduler.scheduleTests (/Users/dsg/archignes_repos/searchjunct/node_modules/react-scripts/node_modules/@jest/core/build/TestScheduler.js:333:13)
        at runJest (/Users/dsg/archignes_repos/searchjunct/node_modules/react-scripts/node_modules/@jest/core/build/runJest.js:404:19)
        at _run10000 (/Users/dsg/archignes_repos/searchjunct/node_modules/react-scripts/node_modules/@jest/core/build/cli/index.js:320:7)
        at runCLI (/Users/dsg/archignes_repos/searchjunct/node_modules/react-scripts/node_modules/@jest/core/build/cli/index.js:173:3)
        at Object.run (/Users/dsg/archignes_repos/searchjunct/node_modules/react-scripts/node_modules/jest-cli/build/cli/index.js:155:37) TypeError: Cannot read properties of undefined (reading 'exa')
        at map (/Users/dsg/archignes_repos/searchjunct/src/components/contexts/SystemsContext.tsx:344:42)
        at Array.map (<anonymous>)
        at /Users/dsg/archignes_repos/searchjunct/src/components/contexts/SystemsContext.tsx:342:25
        at basicStateReducer (/Users/dsg/archignes_repos/searchjunct/node_modules/react-dom/cjs/react-dom.development.js:16540:41)
        at updateReducer (/Users/dsg/archignes_repos/searchjunct/node_modules/react-dom/cjs/react-dom.development.js:16664:22)
        at updateState (/Users/dsg/archignes_repos/searchjunct/node_modules/react-dom/cjs/react-dom.development.js:17004:10)
        at Object.useState (/Users/dsg/archignes_repos/searchjunct/node_modules/react-dom/cjs/react-dom.development.js:17915:16)
        at useState (/Users/dsg/archignes_repos/searchjunct/node_modules/react/cjs/react.development.js:1622:21)
        at SystemProvider (/Users/dsg/archignes_repos/searchjunct/src/components/contexts/SystemsContext.tsx:188:53)
        at renderWithHooks (/Users/dsg/archignes_repos/searchjunct/node_modules/react-dom/cjs/react-dom.development.js:16305:18)
        at updateFunctionComponent (/Users/dsg/archignes_repos/searchjunct/node_modules/react-dom/cjs/react-dom.development.js:19588:20)
        at beginWork (/Users/dsg/archignes_repos/searchjunct/node_modules/react-dom/cjs/react-dom.development.js:21601:16)
        at HTMLUnknownElement.callCallback (/Users/dsg/archignes_repos/searchjunct/node_modules/react-dom/cjs/react-dom.development.js:4164:14)
        at HTMLUnknownElement.callTheUserObjectsOperation (/Users/dsg/archignes_repos/searchjunct/node_modules/jsdom/lib/jsdom/living/generated/EventListener.js:26:30)
        at innerInvokeEventListeners (/Users/dsg/archignes_repos/searchjunct/node_modules/jsdom/lib/jsdom/living/events/EventTarget-impl.js:338:25)
        at invokeEventListeners (/Users/dsg/archignes_repos/searchjunct/node_modules/jsdom/lib/jsdom/living/events/EventTarget-impl.js:274:3)
        at HTMLUnknownElementImpl._dispatch (/Users/dsg/archignes_repos/searchjunct/node_modules/jsdom/lib/jsdom/living/events/EventTarget-impl.js:221:9)
        at HTMLUnknownElementImpl.dispatchEvent (/Users/dsg/archignes_repos/searchjunct/node_modules/jsdom/lib/jsdom/living/events/EventTarget-impl.js:94:17)
        at HTMLUnknownElement.dispatchEvent (/Users/dsg/archignes_repos/searchjunct/node_modules/jsdom/lib/jsdom/living/generated/EventTarget.js:231:34)
        at Object.invokeGuardedCallbackDev (/Users/dsg/archignes_repos/searchjunct/node_modules/react-dom/cjs/react-dom.development.js:4213:16)
        at invokeGuardedCallback (/Users/dsg/archignes_repos/searchjunct/node_modules/react-dom/cjs/react-dom.development.js:4277:31)
        at beginWork$1 (/Users/dsg/archignes_repos/searchjunct/node_modules/react-dom/cjs/react-dom.development.js:27451:7)
        at performUnitOfWork (/Users/dsg/archignes_repos/searchjunct/node_modules/react-dom/cjs/react-dom.development.js:26560:12)
        at workLoopSync (/Users/dsg/archignes_repos/searchjunct/node_modules/react-dom/cjs/react-dom.development.js:26466:5)
        at renderRootSync (/Users/dsg/archignes_repos/searchjunct/node_modules/react-dom/cjs/react-dom.development.js:26434:7)
        at recoverFromConcurrentError (/Users/dsg/archignes_repos/searchjunct/node_modules/react-dom/cjs/react-dom.development.js:25850:20)
        at performConcurrentWorkOnRoot (/Users/dsg/archignes_repos/searchjunct/node_modules/react-dom/cjs/react-dom.development.js:25750:22)
        at flushActQueue (/Users/dsg/archignes_repos/searchjunct/node_modules/react/cjs/react.development.js:2667:24)
        at act (/Users/dsg/archignes_repos/searchjunct/node_modules/react/cjs/react.development.js:2582:11)
        at /Users/dsg/archignes_repos/searchjunct/node_modules/@testing-library/react/dist/act-compat.js:46:25
        at renderRoot (/Users/dsg/archignes_repos/searchjunct/node_modules/@testing-library/react/dist/pure.js:180:26)
        at render (/Users/dsg/archignes_repos/searchjunct/node_modules/@testing-library/react/dist/pure.js:266:10)
        at Object.<anonymous> (/Users/dsg/archignes_repos/searchjunct/src/components/__tests__/SystemsList.test.tsx:45:15)
        at Promise.then.completed (/Users/dsg/archignes_repos/searchjunct/node_modules/react-scripts/node_modules/jest-circus/build/utils.js:391:28)
        at new Promise (<anonymous>)
        at callAsyncCircusFn (/Users/dsg/archignes_repos/searchjunct/node_modules/react-scripts/node_modules/jest-circus/build/utils.js:316:10)
        at _callCircusTest (/Users/dsg/archignes_repos/searchjunct/node_modules/react-scripts/node_modules/jest-circus/build/run.js:218:40)
        at processTicksAndRejections (node:internal/process/task_queues:95:5)
        at _runTest (/Users/dsg/archignes_repos/searchjunct/node_modules/react-scripts/node_modules/jest-circus/build/run.js:155:3)
        at _runTestsForDescribeBlock (/Users/dsg/archignes_repos/searchjunct/node_modules/react-scripts/node_modules/jest-circus/build/run.js:66:9)
        at _runTestsForDescribeBlock (/Users/dsg/archignes_repos/searchjunct/node_modules/react-scripts/node_modules/jest-circus/build/run.js:60:9)
        at run (/Users/dsg/archignes_repos/searchjunct/node_modules/react-scripts/node_modules/jest-circus/build/run.js:25:3)
        at runAndTransformResultsToJestFormat (/Users/dsg/archignes_repos/searchjunct/node_modules/react-scripts/node_modules/jest-circus/build/legacy-code-todo-rewrite/jestAdapterInit.js:170:21)
        at jestAdapter (/Users/dsg/archignes_repos/searchjunct/node_modules/react-scripts/node_modules/jest-circus/build/legacy-code-todo-rewrite/jestAdapter.js:82:19)
        at runTestInternal (/Users/dsg/archignes_repos/searchjunct/node_modules/react-scripts/node_modules/jest-runner/build/runTest.js:389:16)
        at runTest (/Users/dsg/archignes_repos/searchjunct/node_modules/react-scripts/node_modules/jest-runner/build/runTest.js:475:34)
        at TestRunner.runTests (/Users/dsg/archignes_repos/searchjunct/node_modules/react-scripts/node_modules/jest-runner/build/index.js:101:12)
        at TestScheduler.scheduleTests (/Users/dsg/archignes_repos/searchjunct/node_modules/react-scripts/node_modules/@jest/core/build/TestScheduler.js:333:13)
        at runJest (/Users/dsg/archignes_repos/searchjunct/node_modules/react-scripts/node_modules/@jest/core/build/runJest.js:404:19)
        at _run10000 (/Users/dsg/archignes_repos/searchjunct/node_modules/react-scripts/node_modules/@jest/core/build/cli/index.js:320:7)
        at runCLI (/Users/dsg/archignes_repos/searchjunct/node_modules/react-scripts/node_modules/@jest/core/build/cli/index.js:173:3)
        at Object.run (/Users/dsg/archignes_repos/searchjunct/node_modules/react-scripts/node_modules/jest-cli/build/cli/index.js:155:37)

      43 |
      44 |     it('should have a link to the systems.json file at the bottom', async () => {
    > 45 |         render(
         |               ^
      46 |             <StorageProvider>
      47 |                 <SystemProvider>
      48 |                     <SearchProvider>

      at VirtualConsole.<anonymous> (node_modules/jsdom/lib/jsdom/virtual-console.js:29:45)
      at reportException (node_modules/jsdom/lib/jsdom/living/helpers/runtime-script-errors.js:70:28)
      at innerInvokeEventListeners (node_modules/jsdom/lib/jsdom/living/events/EventTarget-impl.js:341:9)
      at invokeEventListeners (node_modules/jsdom/lib/jsdom/living/events/EventTarget-impl.js:274:3)
      at HTMLUnknownElementImpl._dispatch (node_modules/jsdom/lib/jsdom/living/events/EventTarget-impl.js:221:9)
      at HTMLUnknownElementImpl.dispatchEvent (node_modules/jsdom/lib/jsdom/living/events/EventTarget-impl.js:94:17)
      at HTMLUnknownElement.dispatchEvent (node_modules/jsdom/lib/jsdom/living/generated/EventTarget.js:231:34)
      at Object.invokeGuardedCallbackDev (node_modules/react-dom/cjs/react-dom.development.js:4213:16)
      at invokeGuardedCallback (node_modules/react-dom/cjs/react-dom.development.js:4277:31)
      at beginWork$1 (node_modules/react-dom/cjs/react-dom.development.js:27451:7)
      at performUnitOfWork (node_modules/react-dom/cjs/react-dom.development.js:26560:12)
      at workLoopSync (node_modules/react-dom/cjs/react-dom.development.js:26466:5)
      at renderRootSync (node_modules/react-dom/cjs/react-dom.development.js:26434:7)
      at recoverFromConcurrentError (node_modules/react-dom/cjs/react-dom.development.js:25850:20)
      at performConcurrentWorkOnRoot (node_modules/react-dom/cjs/react-dom.development.js:25750:22)
      at flushActQueue (node_modules/react/cjs/react.development.js:2667:24)
      at act (node_modules/react/cjs/react.development.js:2582:11)
      at node_modules/@testing-library/react/dist/act-compat.js:46:25
      at renderRoot (node_modules/@testing-library/react/dist/pure.js:180:26)
      at render (node_modules/@testing-library/react/dist/pure.js:266:10)
      at Object.<anonymous> (src/components/__tests__/SystemsList.test.tsx:45:15)
      at TestScheduler.scheduleTests (node_modules/react-scripts/node_modules/@jest/core/build/TestScheduler.js:333:13)
      at runJest (node_modules/react-scripts/node_modules/@jest/core/build/runJest.js:404:19)
      at _run10000 (node_modules/react-scripts/node_modules/@jest/core/build/cli/index.js:320:7)
      at runCLI (node_modules/react-scripts/node_modules/@jest/core/build/cli/index.js:173:3)

  console.error
    The above error occurred in the <SystemProvider> component:
    
        at SystemProvider (/Users/dsg/archignes_repos/searchjunct/src/components/contexts/SystemsContext.tsx:169:65)
        at StorageProvider (/Users/dsg/archignes_repos/searchjunct/src/components/contexts/StorageContext.tsx:46:74)
    
    Consider adding an error boundary to your tree to customize error handling behavior.
    Visit https://reactjs.org/link/error-boundaries to learn more about error boundaries.

      43 |
      44 |     it('should have a link to the systems.json file at the bottom', async () => {
    > 45 |         render(
         |               ^
      46 |             <StorageProvider>
      47 |                 <SystemProvider>
      48 |                     <SearchProvider>

      at logCapturedError (node_modules/react-dom/cjs/react-dom.development.js:18687:23)
      at update.callback (node_modules/react-dom/cjs/react-dom.development.js:18720:5)
      at callCallback (node_modules/react-dom/cjs/react-dom.development.js:13923:12)
      at commitUpdateQueue (node_modules/react-dom/cjs/react-dom.development.js:13944:9)
      at commitLayoutEffectOnFiber (node_modules/react-dom/cjs/react-dom.development.js:23391:13)
      at commitLayoutMountEffects_complete (node_modules/react-dom/cjs/react-dom.development.js:24688:9)
      at commitLayoutEffects_begin (node_modules/react-dom/cjs/react-dom.development.js:24674:7)
      at commitLayoutEffects (node_modules/react-dom/cjs/react-dom.development.js:24612:3)
      at commitRootImpl (node_modules/react-dom/cjs/react-dom.development.js:26823:5)
      at commitRoot (node_modules/react-dom/cjs/react-dom.development.js:26682:5)
      at finishConcurrentRender (node_modules/react-dom/cjs/react-dom.development.js:25892:9)
      at performConcurrentWorkOnRoot (node_modules/react-dom/cjs/react-dom.development.js:25809:7)
      at flushActQueue (node_modules/react/cjs/react.development.js:2667:24)
      at act (node_modules/react/cjs/react.development.js:2582:11)
      at node_modules/@testing-library/react/dist/act-compat.js:46:25
      at renderRoot (node_modules/@testing-library/react/dist/pure.js:180:26)
      at render (node_modules/@testing-library/react/dist/pure.js:266:10)
      at Object.<anonymous> (src/components/__tests__/SystemsList.test.tsx:45:15)
      at TestScheduler.scheduleTests (node_modules/react-scripts/node_modules/@jest/core/build/TestScheduler.js:333:13)
      at runJest (node_modules/react-scripts/node_modules/@jest/core/build/runJest.js:404:19)
      at _run10000 (node_modules/react-scripts/node_modules/@jest/core/build/cli/index.js:320:7)
      at runCLI (node_modules/react-scripts/node_modules/@jest/core/build/cli/index.js:173:3)

FAIL src/components/__tests__/SystemsList.test.tsx
  System List
    ✕ should have a link to the systems.json file at the bottom (70 ms)

  ● System List › should have a link to the systems.json file at the bottom

    TypeError: Cannot read properties of undefined (reading 'exa')

      342 |             prevSystems.map((system) => ({
      343 |                 ...system,
    > 344 |                 disabled: systemsDisabled[system.id] || false,
          |                                          ^
      345 |                 deleted: systemsDeleted[system.id] || false,
      346 |                 searched: systemsSearched[system.id] || false,
      347 |             }))

      at map (src/components/contexts/SystemsContext.tsx:344:42)
          at Array.map (<anonymous>)
      at src/components/contexts/SystemsContext.tsx:342:25
      at basicStateReducer (node_modules/react-dom/cjs/react-dom.development.js:16540:41)
      at updateReducer (node_modules/react-dom/cjs/react-dom.development.js:16664:22)
      at updateState (node_modules/react-dom/cjs/react-dom.development.js:17004:10)
      at Object.useState (node_modules/react-dom/cjs/react-dom.development.js:17915:16)
      at useState (node_modules/react/cjs/react.development.js:1622:21)
      at SystemProvider (src/components/contexts/SystemsContext.tsx:188:53)
      at renderWithHooks (node_modules/react-dom/cjs/react-dom.development.js:16305:18)
      at updateFunctionComponent (node_modules/react-dom/cjs/react-dom.development.js:19588:20)
      at beginWork (node_modules/react-dom/cjs/react-dom.development.js:21601:16)
      at beginWork$1 (node_modules/react-dom/cjs/react-dom.development.js:27426:14)
      at performUnitOfWork (node_modules/react-dom/cjs/react-dom.development.js:26560:12)
      at workLoopSync (node_modules/react-dom/cjs/react-dom.development.js:26466:5)
      at renderRootSync (node_modules/react-dom/cjs/react-dom.development.js:26434:7)
      at recoverFromConcurrentError (node_modules/react-dom/cjs/react-dom.development.js:25850:20)
      at performConcurrentWorkOnRoot (node_modules/react-dom/cjs/react-dom.development.js:25750:22)
      at flushActQueue (node_modules/react/cjs/react.development.js:2667:24)
      at act (node_modules/react/cjs/react.development.js:2582:11)
      at node_modules/@testing-library/react/dist/act-compat.js:46:25
      at renderRoot (node_modules/@testing-library/react/dist/pure.js:180:26)
      at render (node_modules/@testing-library/react/dist/pure.js:266:10)
      at Object.<anonymous> (src/components/__tests__/SystemsList.test.tsx:45:15)
      at TestScheduler.scheduleTests (node_modules/react-scripts/node_modules/@jest/core/build/TestScheduler.js:333:13)
      at runJest (node_modules/react-scripts/node_modules/@jest/core/build/runJest.js:404:19)
      at _run10000 (node_modules/react-scripts/node_modules/@jest/core/build/cli/index.js:320:7)
      at runCLI (node_modules/react-scripts/node_modules/@jest/core/build/cli/index.js:173:3)

Test Suites: 1 failed, 1 total
Tests:       1 failed, 1 total
Snapshots:   0 total
Time:        0.707 s, estimated 2 s
Ran all test suites.
